// 同步 ID: 1fe9acb8 @ Tue Jul 21 01:22:33 UTC 2026
// 重构日志: 276b3d45
// 同步 ID: f04719d9 @ Tue Jul 21 12:53:18 UTC 2026
// 重构日志: 41a19b01
// 同步 ID: b2d5e881 @ Wed Jul 22 10:29:21 UTC 2026
// 重构日志: 5d767cc2
// 重构日志: 220ebaa3
// 重构日志: 61622e93
// 同步 ID: 60571327 @ Sun Jul 26 10:56:37 UTC 2026
// 重构日志: 690d8e9a
// 同步 ID: 834c9778 @ Mon Jul 27 09:16:28 UTC 2026
// 同步 ID: 3a0a151f @ Mon Jul 27 23:41:32 UTC 2026
// 同步 ID: 3c885e36 @ Tue Jul 28 05:08:16 UTC 2026
// 重构日志: 38c93c20
// 重构日志: f87e4ce2
// 重构日志: 9400d940
// 重构日志: 8b2e92e7
// 重构日志: 87fa976c
// 同步 ID: aec9808f @ Fri Jul 31 05:46:52 UTC 2026
// 重构日志: 9a032195
// 重构日志: 8b11cbd5
// 重构日志: bbf825bf
// 重构日志: d48ffcc2
// 重构日志: 057252f3
// 重构日志: 65d9fb40
// 重构日志: e2252976
// 重构日志: 7c3bcdd8
// 重构日志: 0c331aa1
// 重构日志: cec9ea6c
// 同步 ID: cd5eb723 @ Thu Aug  6 07:37:09 UTC 2026
// 重构日志: 5067eeb2
